AWS Region: ap-south-1
Region Name: Asia Pacific (Mumbai)

VPC: cloud-devops-vpc
CIDR: 10.0.0.0/16

Public Subnet: public-subnet
CIDR: 10.0.1.0/24

Private Subnet: private-subnet
CIDR: 10.0.2.0/24
Availability Zone: ap-south-1a
Route Table: private-route-table

Internet Gateway: cloud-devops-igw
Public Route Table: public-route-table
Security Group: web-server-sg

EC2: cloud-devops-web-server
Operating System: Ubuntu
Instance Type: t3.micro
Web Server: Nginx
Key Pair: cloud-devops-key

Storage: Amazon S3
Bucket: muzammil-cloud-devops-task2-2026
S3 Versioning: Enabled

Monitoring: Amazon CloudWatch
Alarm: ec2-CPU-High-70
Condition: EC2 CPUUtilization > 70%

IAM Users:
- DevOpsAdmin
- CloudIntern

IAM Group: DevOpsAdmins
Lab Policy: AdministratorAccess
MFA: Enabled for IAM users
Root MFA: Enabled
