Task 2 Deployment Log

AWS Region: ap-south-1

Identity and Security:
- Root MFA verified
- DevOpsAdmin IAM user configured
- CloudIntern IAM user created
- DevOpsAdmins group used for lab permissions
- CloudIntern MFA device assigned
- IAM Roles verified; EC2-S3-Access role evidenced

Networking:
- VPC created: cloud-devops-vpc
- Public subnet created: 10.0.1.0/24
- Private subnet created: 10.0.2.0/24
- Internet Gateway attached
- Public route table configured
- Private route table associated with private subnet
- Security group configured

Compute:
- Ubuntu EC2 instance launched
- SSH connection verified
- Nginx installed and started
- Nginx tested using curl/browser

Storage:
- S3 bucket configured: muzammil-cloud-devops-task2-2026
- S3 versioning enabled
- S3 test object uploaded

Monitoring:
- CloudWatch dashboard configured
- EC2 CPU utilization alarm created
- Alarm threshold: >70%

Documentation:
- Architecture diagrams created
- Pricing Calculator estimate documented
- Infrastructure report maintained
- Screenshot evidence indexed

Status:
Task 2 infrastructure evidence updated.
